// Jest Snapshot v1, https://goo.gl/fbAQLP

exports[`static site INFRA should match snapshot 1`] = `
{
  "Metadata": {
    "gu:cdk:constructs": [
      "GuS3Bucket",
      "GuDistributionBucketParameter",
      "GuAnghammaradTopicParameter",
      "GuVpcParameter",
      "GuSubnetListParameter",
      "GuSubnetListParameter",
      "GuEc2App",
      "GuCertificate",
      "GuInstanceRole",
      "GuSsmSshPolicy",
      "GuDescribeEC2Policy",
      "GuLoggingStreamNameParameter",
      "GuLogShippingPolicy",
      "GuGetDistributablePolicy",
      "GuParameterStoreReadPolicy",
      "GuAmiParameter",
      "GuHttpsEgressSecurityGroup",
      "GuWazuhAccess",
      "GuAutoScalingGroup",
      "GuApplicationLoadBalancer",
      "GuApplicationTargetGroup",
      "GuHttpsApplicationListener",
      "GuAlb5xxPercentageAlarm",
      "GuUnhealthyInstancesAlarm",
      "GuCname",
    ],
    "gu:cdk:version": "58.0.0",
  },
  "Outputs": {
    "LoadBalancerAppDnsName": {
      "Description": "DNS entry for LoadBalancerApp",
      "Value": {
        "Fn::GetAtt": [
          "LoadBalancerApp94515990",
          "DNSName",
        ],
      },
    },
  },
  "Parameters": {
    "AMIApp": {
      "Description": "Amazon Machine Image ID for the app app. Use this in conjunction with AMIgo to keep AMIs up to date.",
      "Type": "AWS::EC2::Image::Id",
    },
    "AnghammaradSnsArn": {
      "Default": "/account/services/anghammarad.topic.arn",
      "Description": "SSM parameter containing the ARN of the Anghammarad SNS topic",
      "Type": "AWS::SSM::Parameter::Value<String>",
    },
    "DistributionBucketName": {
      "Default": "/account/services/artifact.bucket",
      "Description": "SSM parameter containing the S3 bucket name holding distribution artifacts",
      "Type": "AWS::SSM::Parameter::Value<String>",
    },
    "LoggingStreamName": {
      "Default": "/account/services/logging.stream.name",
      "Description": "SSM parameter containing the Name (not ARN) on the kinesis stream",
      "Type": "AWS::SSM::Parameter::Value<String>",
    },
    "VpcId": {
      "Default": "/account/vpc/primary/id",
      "Description": "Virtual Private Cloud to run EC2 instances within. Should NOT be the account default VPC.",
      "Type": "AWS::SSM::Parameter::Value<AWS::EC2::VPC::Id>",
    },
    "appPrivateSubnets": {
      "Default": "/account/vpc/primary/subnets/private",
      "Description": "A list of private subnets",
      "Type": "AWS::SSM::Parameter::Value<List<AWS::EC2::Subnet::Id>>",
    },
    "appPublicSubnets": {
      "Default": "/account/vpc/primary/subnets/public",
      "Description": "A list of public subnets",
      "Type": "AWS::SSM::Parameter::Value<List<AWS::EC2::Subnet::Id>>",
    },
    "clientIDParameter": {
      "Default": "/INFRA/stack/app/googleClientID",
      "Type": "AWS::SSM::Parameter::Value<String>",
    },
  },
  "Resources": {
    "AutoScalingGroupAppASG9C0442BD": {
      "Properties": {
        "HealthCheckGracePeriod": 120,
        "HealthCheckType": "ELB",
        "LaunchTemplate": {
          "LaunchTemplateId": {
            "Ref": "stackINFRAappF7900B84",
          },
          "Version": {
            "Fn::GetAtt": [
              "stackINFRAappF7900B84",
              "LatestVersionNumber",
            ],
          },
        },
        "MaxSize": "2",
        "MinSize": "1",
        "Tags": [
          {
            "Key": "App",
            "PropagateAtLaunch": true,
            "Value": "app",
          },
          {
            "Key": "gu:cdk:version",
            "PropagateAtLaunch": true,
            "Value": "58.0.0",
          },
          {
            "Key": "gu:repo",
            "PropagateAtLaunch": true,
            "Value": "guardian/actions-static-site",
          },
          {
            "Key": "LogKinesisStreamName",
            "PropagateAtLaunch": true,
            "Value": {
              "Ref": "LoggingStreamName",
            },
          },
          {
            "Key": "Stack",
            "PropagateAtLaunch": true,
            "Value": "stack",
          },
          {
            "Key": "Stage",
            "PropagateAtLaunch": true,
            "Value": "INFRA",
          },
          {
            "Key": "SystemdUnit",
            "PropagateAtLaunch": true,
            "Value": "app.service",
          },
        ],
        "TargetGroupARNs": [
          {
            "Ref": "TargetGroupAppC3FDB286",
          },
        ],
        "VPCZoneIdentifier": {
          "Ref": "appPrivateSubnets",
        },
      },
      "Type": "AWS::AutoScaling::AutoScalingGroup",
    },
    "CertificateAppCEE540C3": {
      "DeletionPolicy": "Retain",
      "Properties": {
        "DomainName": "example.devx.gutools.co.uk",
        "Tags": [
          {
            "Key": "App",
            "Value": "app",
          },
          {
            "Key": "gu:cdk:version",
            "Value": "58.0.0",
          },
          {
            "Key": "gu:repo",
            "Value": "guardian/actions-static-site",
          },
          {
            "Key": "Name",
            "Value": "static-site-INFRA/CertificateApp",
          },
          {
            "Key": "Stack",
            "Value": "stack",
          },
          {
            "Key": "Stage",
            "Value": "INFRA",
          },
        ],
        "ValidationMethod": "DNS",
      },
      "Type": "AWS::CertificateManager::Certificate",
      "UpdateReplacePolicy": "Retain",
    },
    "DNS": {
      "Properties": {
        "Name": "example.devx.gutools.co.uk",
        "RecordType": "CNAME",
        "ResourceRecords": [
          {
            "Fn::GetAtt": [
              "LoadBalancerApp94515990",
              "DNSName",
            ],
          },
        ],
        "Stage": "INFRA",
        "TTL": 3600,
      },
      "Type": "Guardian::DNS::RecordSet",
    },
    "DescribeEC2PolicyFF5F9295": {
      "Properties": {
        "PolicyDocument": {
          "Statement": [
            {
              "Action": [
                "autoscaling:DescribeAutoScalingInstances",
                "autoscaling:DescribeAutoScalingGroups",
                "ec2:DescribeTags",
                "ec2:DescribeInstances",
              ],
              "Effect": "Allow",
              "Resource": "*",
            },
          ],
          "Version": "2012-10-17",
        },
        "PolicyName": "describe-ec2-policy",
        "Roles": [
          {
            "Ref": "InstanceRoleApp706F3E68",
          },
        ],
      },
      "Type": "AWS::IAM::Policy",
    },
    "GetDistributablePolicyApp3932E321": {
      "Properties": {
        "PolicyDocument": {
          "Statement": [
            {
              "Action": "s3:GetObject",
              "Effect": "Allow",
              "Resource": {
                "Fn::Join": [
                  "",
                  [
                    "arn:aws:s3:::",
                    {
                      "Ref": "DistributionBucketName",
                    },
                    "/stack/INFRA/app/*",
                  ],
                ],
              },
            },
          ],
          "Version": "2012-10-17",
        },
        "PolicyName": "GetDistributablePolicyApp3932E321",
        "Roles": [
          {
            "Ref": "InstanceRoleApp706F3E68",
          },
        ],
      },
      "Type": "AWS::IAM::Policy",
    },
    "GuHttpsEgressSecurityGroupApp026DFC83": {
      "Properties": {
        "GroupDescription": "Allow all outbound HTTPS traffic",
        "SecurityGroupEgress": [
          {
            "CidrIp": "0.0.0.0/0",
            "Description": "Allow all outbound HTTPS traffic",
            "FromPort": 443,
            "IpProtocol": "tcp",
            "ToPort": 443,
          },
        ],
        "Tags": [
          {
            "Key": "App",
            "Value": "app",
          },
          {
            "Key": "gu:cdk:version",
            "Value": "58.0.0",
          },
          {
            "Key": "gu:repo",
            "Value": "guardian/actions-static-site",
          },
          {
            "Key": "Stack",
            "Value": "stack",
          },
          {
            "Key": "Stage",
            "Value": "INFRA",
          },
        ],
        "VpcId": {
          "Ref": "VpcId",
        },
      },
      "Type": "AWS::EC2::SecurityGroup",
    },
    "GuHttpsEgressSecurityGroupAppfromstaticsiteINFRALoadBalancerAppSecurityGroup35E6288E90003B3B2611": {
      "Properties": {
        "Description": "Load balancer to target",
        "FromPort": 9000,
        "GroupId": {
          "Fn::GetAtt": [
            "GuHttpsEgressSecurityGroupApp026DFC83",
            "GroupId",
          ],
        },
        "IpProtocol": "tcp",
        "SourceSecurityGroupId": {
          "Fn::GetAtt": [
            "LoadBalancerAppSecurityGroup25B85B40",
            "GroupId",
          ],
        },
        "ToPort": 9000,
      },
      "Type": "AWS::EC2::SecurityGroupIngress",
    },
    "GuHttpsEgressSecurityGroupAppfromstaticsiteINFRAldpaccess9458C77F900030A85163": {
      "Properties": {
        "Description": "Load balancer to target",
        "FromPort": 9000,
        "GroupId": {
          "Fn::GetAtt": [
            "GuHttpsEgressSecurityGroupApp026DFC83",
            "GroupId",
          ],
        },
        "IpProtocol": "tcp",
        "SourceSecurityGroupId": {
          "Fn::GetAtt": [
            "ldpaccess567AC006",
            "GroupId",
          ],
        },
        "ToPort": 9000,
      },
      "Type": "AWS::EC2::SecurityGroupIngress",
    },
    "GuLogShippingPolicy981BFE5A": {
      "Properties": {
        "PolicyDocument": {
          "Statement": [
            {
              "Action": [
                "kinesis:Describe*",
                "kinesis:Put*",
              ],
              "Effect": "Allow",
              "Resource": {
                "Fn::Join": [
                  "",
                  [
                    "arn:aws:kinesis:",
                    {
                      "Ref": "AWS::Region",
                    },
                    ":",
                    {
                      "Ref": "AWS::AccountId",
                    },
                    ":stream/",
                    {
                      "Ref": "LoggingStreamName",
                    },
                  ],
                ],
              },
            },
          ],
          "Version": "2012-10-17",
        },
        "PolicyName": "GuLogShippingPolicy981BFE5A",
        "Roles": [
          {
            "Ref": "InstanceRoleApp706F3E68",
          },
        ],
      },
      "Type": "AWS::IAM::Policy",
    },
    "High5xxPercentageAlarmAppBEBB1F03": {
      "Properties": {
        "ActionsEnabled": true,
        "AlarmActions": [
          {
            "Fn::Join": [
              "",
              [
                "arn:aws:sns:",
                {
                  "Ref": "AWS::Region",
                },
                ":",
                {
                  "Ref": "AWS::AccountId",
                },
                ":",
                {
                  "Ref": "AnghammaradSnsArn",
                },
              ],
            ],
          },
        ],
        "AlarmDescription": "app exceeded 1% error rate",
        "AlarmName": "High 5XX error percentage from app in INFRA",
        "ComparisonOperator": "GreaterThanThreshold",
        "EvaluationPeriods": 60,
        "Metrics": [
          {
            "Expression": "100*(m1+m2)/m3",
            "Id": "expr_1",
            "Label": "% of 5XX responses served for app (load balancer and instances combined)",
          },
          {
            "Id": "m1",
            "MetricStat": {
              "Metric": {
                "Dimensions": [
                  {
                    "Name": "LoadBalancer",
                    "Value": {
                      "Fn::GetAtt": [
                        "LoadBalancerApp94515990",
                        "LoadBalancerFullName",
                      ],
                    },
                  },
                ],
                "MetricName": "HTTPCode_ELB_5XX_Count",
                "Namespace": "AWS/ApplicationELB",
              },
              "Period": 60,
              "Stat": "Sum",
            },
            "ReturnData": false,
          },
          {
            "Id": "m2",
            "MetricStat": {
              "Metric": {
                "Dimensions": [
                  {
                    "Name": "LoadBalancer",
                    "Value": {
                      "Fn::GetAtt": [
                        "LoadBalancerApp94515990",
                        "LoadBalancerFullName",
                      ],
                    },
                  },
                ],
                "MetricName": "HTTPCode_Target_5XX_Count",
                "Namespace": "AWS/ApplicationELB",
              },
              "Period": 60,
              "Stat": "Sum",
            },
            "ReturnData": false,
          },
          {
            "Id": "m3",
            "MetricStat": {
              "Metric": {
                "Dimensions": [
                  {
                    "Name": "LoadBalancer",
                    "Value": {
                      "Fn::GetAtt": [
                        "LoadBalancerApp94515990",
                        "LoadBalancerFullName",
                      ],
                    },
                  },
                ],
                "MetricName": "RequestCount",
                "Namespace": "AWS/ApplicationELB",
              },
              "Period": 60,
              "Stat": "Sum",
            },
            "ReturnData": false,
          },
        ],
        "Threshold": 1,
        "TreatMissingData": "notBreaching",
      },
      "Type": "AWS::CloudWatch::Alarm",
    },
    "InstanceRoleApp706F3E68": {
      "Properties": {
        "AssumeRolePolicyDocument": {
          "Statement": [
            {
              "Action": "sts:AssumeRole",
              "Effect": "Allow",
              "Principal": {
                "Service": "ec2.amazonaws.com",
              },
            },
          ],
          "Version": "2012-10-17",
        },
        "Path": "/",
        "Tags": [
          {
            "Key": "App",
            "Value": "app",
          },
          {
            "Key": "gu:cdk:version",
            "Value": "58.0.0",
          },
          {
            "Key": "gu:repo",
            "Value": "guardian/actions-static-site",
          },
          {
            "Key": "Stack",
            "Value": "stack",
          },
          {
            "Key": "Stage",
            "Value": "INFRA",
          },
        ],
      },
      "Type": "AWS::IAM::Role",
    },
    "InstanceRoleAppDefaultPolicy7C798473": {
      "Properties": {
        "PolicyDocument": {
          "Statement": [
            {
              "Action": [
                "s3:GetObject*",
                "s3:GetBucket*",
                "s3:List*",
              ],
              "Effect": "Allow",
              "Resource": [
                {
                  "Fn::GetAtt": [
                    "staticD8C87B36",
                    "Arn",
                  ],
                },
                {
                  "Fn::Join": [
                    "",
                    [
                      {
                        "Fn::GetAtt": [
                          "staticD8C87B36",
                          "Arn",
                        ],
                      },
                      "/*",
                    ],
                  ],
                },
              ],
            },
          ],
          "Version": "2012-10-17",
        },
        "PolicyName": "InstanceRoleAppDefaultPolicy7C798473",
        "Roles": [
          {
            "Ref": "InstanceRoleApp706F3E68",
          },
        ],
      },
      "Type": "AWS::IAM::Policy",
    },
    "ListenerApp55D0EA9B": {
      "Properties": {
        "Certificates": [
          {
            "CertificateArn": {
              "Ref": "CertificateAppCEE540C3",
            },
          },
        ],
        "DefaultActions": [
          {
            "AuthenticateOidcConfig": {
              "AuthenticationRequestExtraParams": {
                "hd": "guardian.co.uk",
              },
              "AuthorizationEndpoint": "https://accounts.google.com/o/oauth2/v2/auth",
              "ClientId": {
                "Ref": "clientIDParameter",
              },
              "ClientSecret": "{{resolve:secretsmanager:/INFRA/stack/app/clientSecret:SecretString:::}}",
              "Issuer": "https://accounts.google.com",
              "Scope": "openid email",
              "TokenEndpoint": "https://oauth2.googleapis.com/token",
              "UserInfoEndpoint": "https://openidconnect.googleapis.com/v1/userinfo",
            },
            "Order": 1,
            "Type": "authenticate-oidc",
          },
          {
            "Order": 2,
            "TargetGroupArn": {
              "Ref": "TargetGroupAppC3FDB286",
            },
            "Type": "forward",
          },
        ],
        "LoadBalancerArn": {
          "Ref": "LoadBalancerApp94515990",
        },
        "Port": 443,
        "Protocol": "HTTPS",
      },
      "Type": "AWS::ElasticLoadBalancingV2::Listener",
    },
    "ListenerAppPRoutRule52A1A63F": {
      "Properties": {
        "Actions": [
          {
            "TargetGroupArn": {
              "Ref": "TargetGroupAppC3FDB286",
            },
            "Type": "forward",
          },
        ],
        "Conditions": [
          {
            "Field": "path-pattern",
            "PathPatternConfig": {
              "Values": [
                "**/_prout",
              ],
            },
          },
        ],
        "ListenerArn": {
          "Ref": "ListenerApp55D0EA9B",
        },
        "Priority": 1,
      },
      "Type": "AWS::ElasticLoadBalancingV2::ListenerRule",
    },
    "LoadBalancerApp94515990": {
      "Properties": {
        "LoadBalancerAttributes": [
          {
            "Key": "deletion_protection.enabled",
            "Value": "true",
          },
          {
            "Key": "routing.http.x_amzn_tls_version_and_cipher_suite.enabled",
            "Value": "true",
          },
          {
            "Key": "routing.http.drop_invalid_header_fields.enabled",
            "Value": "true",
          },
        ],
        "Scheme": "internet-facing",
        "SecurityGroups": [
          {
            "Fn::GetAtt": [
              "LoadBalancerAppSecurityGroup25B85B40",
              "GroupId",
            ],
          },
          {
            "Fn::GetAtt": [
              "ldpaccess567AC006",
              "GroupId",
            ],
          },
        ],
        "Subnets": {
          "Ref": "appPublicSubnets",
        },
        "Tags": [
          {
            "Key": "App",
            "Value": "app",
          },
          {
            "Key": "gu:cdk:version",
            "Value": "58.0.0",
          },
          {
            "Key": "gu:repo",
            "Value": "guardian/actions-static-site",
          },
          {
            "Key": "Stack",
            "Value": "stack",
          },
          {
            "Key": "Stage",
            "Value": "INFRA",
          },
        ],
        "Type": "application",
      },
      "Type": "AWS::ElasticLoadBalancingV2::LoadBalancer",
    },
    "LoadBalancerAppSecurityGroup25B85B40": {
      "Properties": {
        "GroupDescription": "Automatically created Security Group for ELB staticsiteINFRALoadBalancerAppCB3B8001",
        "SecurityGroupEgress": [
          {
            "CidrIp": "0.0.0.0/0",
            "Description": "Allow to IdP endpoint",
            "FromPort": 443,
            "IpProtocol": "tcp",
            "ToPort": 443,
          },
        ],
        "SecurityGroupIngress": [
          {
            "CidrIp": "0.0.0.0/0",
            "Description": "Allow from anyone on port 443",
            "FromPort": 443,
            "IpProtocol": "tcp",
            "ToPort": 443,
          },
        ],
        "Tags": [
          {
            "Key": "App",
            "Value": "app",
          },
          {
            "Key": "gu:cdk:version",
            "Value": "58.0.0",
          },
          {
            "Key": "gu:repo",
            "Value": "guardian/actions-static-site",
          },
          {
            "Key": "Stack",
            "Value": "stack",
          },
          {
            "Key": "Stage",
            "Value": "INFRA",
          },
        ],
        "VpcId": {
          "Ref": "VpcId",
        },
      },
      "Type": "AWS::EC2::SecurityGroup",
    },
    "LoadBalancerAppSecurityGrouptostaticsiteINFRAGuHttpsEgressSecurityGroupApp9D35DDCD9000D48D79FC": {
      "Properties": {
        "Description": "Load balancer to target",
        "DestinationSecurityGroupId": {
          "Fn::GetAtt": [
            "GuHttpsEgressSecurityGroupApp026DFC83",
            "GroupId",
          ],
        },
        "FromPort": 9000,
        "GroupId": {
          "Fn::GetAtt": [
            "LoadBalancerAppSecurityGroup25B85B40",
            "GroupId",
          ],
        },
        "IpProtocol": "tcp",
        "ToPort": 9000,
      },
      "Type": "AWS::EC2::SecurityGroupEgress",
    },
    "LoadBalancerAppSecurityGrouptostaticsiteINFRAWazuhSecurityGroupED10C7AD90003152BEC5": {
      "Properties": {
        "Description": "Load balancer to target",
        "DestinationSecurityGroupId": {
          "Fn::GetAtt": [
            "WazuhSecurityGroup",
            "GroupId",
          ],
        },
        "FromPort": 9000,
        "GroupId": {
          "Fn::GetAtt": [
            "LoadBalancerAppSecurityGroup25B85B40",
            "GroupId",
          ],
        },
        "IpProtocol": "tcp",
        "ToPort": 9000,
      },
      "Type": "AWS::EC2::SecurityGroupEgress",
    },
    "ParameterStoreReadApp8C5D582A": {
      "Properties": {
        "PolicyDocument": {
          "Statement": [
            {
              "Action": "ssm:GetParametersByPath",
              "Effect": "Allow",
              "Resource": {
                "Fn::Join": [
                  "",
                  [
                    "arn:aws:ssm:",
                    {
                      "Ref": "AWS::Region",
                    },
                    ":",
                    {
                      "Ref": "AWS::AccountId",
                    },
                    ":parameter/INFRA/stack/app",
                  ],
                ],
              },
            },
            {
              "Action": [
                "ssm:GetParameters",
                "ssm:GetParameter",
              ],
              "Effect": "Allow",
              "Resource": {
                "Fn::Join": [
                  "",
                  [
                    "arn:aws:ssm:",
                    {
                      "Ref": "AWS::Region",
                    },
                    ":",
                    {
                      "Ref": "AWS::AccountId",
                    },
                    ":parameter/INFRA/stack/app/*",
                  ],
                ],
              },
            },
          ],
          "Version": "2012-10-17",
        },
        "PolicyName": "parameter-store-read-policy",
        "Roles": [
          {
            "Ref": "InstanceRoleApp706F3E68",
          },
        ],
      },
      "Type": "AWS::IAM::Policy",
    },
    "SsmSshPolicy4CFC977E": {
      "Properties": {
        "PolicyDocument": {
          "Statement": [
            {
              "Action": [
                "ec2messages:AcknowledgeMessage",
                "ec2messages:DeleteMessage",
                "ec2messages:FailMessage",
                "ec2messages:GetEndpoint",
                "ec2messages:GetMessages",
                "ec2messages:SendReply",
                "ssm:UpdateInstanceInformation",
                "ssm:ListInstanceAssociations",
                "ssm:DescribeInstanceProperties",
                "ssm:DescribeDocumentParameters",
                "ssmmessages:CreateControlChannel",
                "ssmmessages:CreateDataChannel",
                "ssmmessages:OpenControlChannel",
                "ssmmessages:OpenDataChannel",
              ],
              "Effect": "Allow",
              "Resource": "*",
            },
          ],
          "Version": "2012-10-17",
        },
        "PolicyName": "ssm-ssh-policy",
        "Roles": [
          {
            "Ref": "InstanceRoleApp706F3E68",
          },
        ],
      },
      "Type": "AWS::IAM::Policy",
    },
    "TargetGroupAppC3FDB286": {
      "Properties": {
        "HealthCheckIntervalSeconds": 10,
        "HealthCheckPath": "/healthcheck",
        "HealthCheckProtocol": "HTTP",
        "HealthCheckTimeoutSeconds": 5,
        "HealthyThresholdCount": 5,
        "Port": 9000,
        "Protocol": "HTTP",
        "Tags": [
          {
            "Key": "App",
            "Value": "app",
          },
          {
            "Key": "gu:cdk:version",
            "Value": "58.0.0",
          },
          {
            "Key": "gu:repo",
            "Value": "guardian/actions-static-site",
          },
          {
            "Key": "Stack",
            "Value": "stack",
          },
          {
            "Key": "Stage",
            "Value": "INFRA",
          },
        ],
        "TargetGroupAttributes": [
          {
            "Key": "deregistration_delay.timeout_seconds",
            "Value": "30",
          },
          {
            "Key": "stickiness.enabled",
            "Value": "false",
          },
        ],
        "TargetType": "instance",
        "UnhealthyThresholdCount": 2,
        "VpcId": {
          "Ref": "VpcId",
        },
      },
      "Type": "AWS::ElasticLoadBalancingV2::TargetGroup",
    },
    "UnhealthyInstancesAlarmAppBFB0C287": {
      "Properties": {
        "ActionsEnabled": true,
        "AlarmActions": [
          {
            "Fn::Join": [
              "",
              [
                "arn:aws:sns:",
                {
                  "Ref": "AWS::Region",
                },
                ":",
                {
                  "Ref": "AWS::AccountId",
                },
                ":",
                {
                  "Ref": "AnghammaradSnsArn",
                },
              ],
            ],
          },
        ],
        "AlarmDescription": "app's instances have failed healthchecks several times over the last 1 hour.
      This typically results in the AutoScaling Group cycling instances and can lead to problems with deployment,
      scaling or handling traffic spikes.

      Check app's application logs or ssh onto an unhealthy instance in order to debug these problems.",
        "AlarmName": "Unhealthy instances for app in INFRA",
        "ComparisonOperator": "GreaterThanOrEqualToThreshold",
        "DatapointsToAlarm": 30,
        "Dimensions": [
          {
            "Name": "LoadBalancer",
            "Value": {
              "Fn::Join": [
                "",
                [
                  {
                    "Fn::Select": [
                      1,
                      {
                        "Fn::Split": [
                          "/",
                          {
                            "Ref": "ListenerApp55D0EA9B",
                          },
                        ],
                      },
                    ],
                  },
                  "/",
                  {
                    "Fn::Select": [
                      2,
                      {
                        "Fn::Split": [
                          "/",
                          {
                            "Ref": "ListenerApp55D0EA9B",
                          },
                        ],
                      },
                    ],
                  },
                  "/",
                  {
                    "Fn::Select": [
                      3,
                      {
                        "Fn::Split": [
                          "/",
                          {
                            "Ref": "ListenerApp55D0EA9B",
                          },
                        ],
                      },
                    ],
                  },
                ],
              ],
            },
          },
          {
            "Name": "TargetGroup",
            "Value": {
              "Fn::GetAtt": [
                "TargetGroupAppC3FDB286",
                "TargetGroupFullName",
              ],
            },
          },
        ],
        "EvaluationPeriods": 60,
        "MetricName": "UnHealthyHostCount",
        "Namespace": "AWS/ApplicationELB",
        "Period": 60,
        "Statistic": "Maximum",
        "Threshold": 1,
        "TreatMissingData": "notBreaching",
      },
      "Type": "AWS::CloudWatch::Alarm",
    },
    "WazuhSecurityGroup": {
      "Properties": {
        "GroupDescription": "Allow outbound traffic from wazuh agent to manager",
        "SecurityGroupEgress": [
          {
            "CidrIp": "0.0.0.0/0",
            "Description": "Wazuh event logging",
            "FromPort": 1514,
            "IpProtocol": "tcp",
            "ToPort": 1514,
          },
          {
            "CidrIp": "0.0.0.0/0",
            "Description": "Wazuh agent registration",
            "FromPort": 1515,
            "IpProtocol": "tcp",
            "ToPort": 1515,
          },
        ],
        "Tags": [
          {
            "Key": "App",
            "Value": "app",
          },
          {
            "Key": "gu:cdk:version",
            "Value": "58.0.0",
          },
          {
            "Key": "gu:repo",
            "Value": "guardian/actions-static-site",
          },
          {
            "Key": "Stack",
            "Value": "stack",
          },
          {
            "Key": "Stage",
            "Value": "INFRA",
          },
        ],
        "VpcId": {
          "Ref": "VpcId",
        },
      },
      "Type": "AWS::EC2::SecurityGroup",
    },
    "WazuhSecurityGroupfromstaticsiteINFRALoadBalancerAppSecurityGroup35E6288E90004E40CBF2": {
      "Properties": {
        "Description": "Load balancer to target",
        "FromPort": 9000,
        "GroupId": {
          "Fn::GetAtt": [
            "WazuhSecurityGroup",
            "GroupId",
          ],
        },
        "IpProtocol": "tcp",
        "SourceSecurityGroupId": {
          "Fn::GetAtt": [
            "LoadBalancerAppSecurityGroup25B85B40",
            "GroupId",
          ],
        },
        "ToPort": 9000,
      },
      "Type": "AWS::EC2::SecurityGroupIngress",
    },
    "WazuhSecurityGroupfromstaticsiteINFRAldpaccess9458C77F90008F9AAE68": {
      "Properties": {
        "Description": "Load balancer to target",
        "FromPort": 9000,
        "GroupId": {
          "Fn::GetAtt": [
            "WazuhSecurityGroup",
            "GroupId",
          ],
        },
        "IpProtocol": "tcp",
        "SourceSecurityGroupId": {
          "Fn::GetAtt": [
            "ldpaccess567AC006",
            "GroupId",
          ],
        },
        "ToPort": 9000,
      },
      "Type": "AWS::EC2::SecurityGroupIngress",
    },
    "ldpaccess567AC006": {
      "Properties": {
        "GroupDescription": "static-site-INFRA/ldp-access",
        "SecurityGroupEgress": [
          {
            "CidrIp": "0.0.0.0/0",
            "Description": "Allow all outbound traffic by default",
            "IpProtocol": "-1",
          },
        ],
        "Tags": [
          {
            "Key": "App",
            "Value": "app",
          },
          {
            "Key": "gu:cdk:version",
            "Value": "58.0.0",
          },
          {
            "Key": "gu:repo",
            "Value": "guardian/actions-static-site",
          },
          {
            "Key": "Stack",
            "Value": "stack",
          },
          {
            "Key": "Stage",
            "Value": "INFRA",
          },
        ],
        "VpcId": {
          "Ref": "VpcId",
        },
      },
      "Type": "AWS::EC2::SecurityGroup",
    },
    "stackINFRAappF7900B84": {
      "DependsOn": [
        "InstanceRoleAppDefaultPolicy7C798473",
        "InstanceRoleApp706F3E68",
      ],
      "Properties": {
        "LaunchTemplateData": {
          "IamInstanceProfile": {
            "Arn": {
              "Fn::GetAtt": [
                "stackINFRAappProfileE90C9F1B",
                "Arn",
              ],
            },
          },
          "ImageId": {
            "Ref": "AMIApp",
          },
          "InstanceType": "t4g.nano",
          "MetadataOptions": {
            "HttpTokens": "required",
          },
          "SecurityGroupIds": [
            {
              "Fn::GetAtt": [
                "GuHttpsEgressSecurityGroupApp026DFC83",
                "GroupId",
              ],
            },
            {
              "Fn::GetAtt": [
                "WazuhSecurityGroup",
                "GroupId",
              ],
            },
          ],
          "TagSpecifications": [
            {
              "ResourceType": "instance",
              "Tags": [
                {
                  "Key": "App",
                  "Value": "app",
                },
                {
                  "Key": "gu:cdk:version",
                  "Value": "58.0.0",
                },
                {
                  "Key": "gu:repo",
                  "Value": "guardian/actions-static-site",
                },
                {
                  "Key": "Name",
                  "Value": "static-site-INFRA/stack-INFRA-app",
                },
                {
                  "Key": "Stack",
                  "Value": "stack",
                },
                {
                  "Key": "Stage",
                  "Value": "INFRA",
                },
              ],
            },
            {
              "ResourceType": "volume",
              "Tags": [
                {
                  "Key": "App",
                  "Value": "app",
                },
                {
                  "Key": "gu:cdk:version",
                  "Value": "58.0.0",
                },
                {
                  "Key": "gu:repo",
                  "Value": "guardian/actions-static-site",
                },
                {
                  "Key": "Name",
                  "Value": "static-site-INFRA/stack-INFRA-app",
                },
                {
                  "Key": "Stack",
                  "Value": "stack",
                },
                {
                  "Key": "Stage",
                  "Value": "INFRA",
                },
              ],
            },
          ],
          "UserData": {
            "Fn::Base64": {
              "Fn::Join": [
                "",
                [
                  "#!/bin/bash -ev
cat << EOF > /etc/systemd/system/app.service
[Unit]
Description=Static Site service

[Service]
Environment="BUCKET=",
                  {
                    "Ref": "staticD8C87B36",
                  },
                  ""
Environment="PORT=9000"
ExecStart=/app

[Install]
WantedBy=multi-user.target
EOF

aws s3 cp s3://",
                  {
                    "Ref": "DistributionBucketName",
                  },
                  "/stack/INFRA/app/static-site-service /app
chmod +x /app
systemctl start app
",
                ],
              ],
            },
          },
        },
        "TagSpecifications": [
          {
            "ResourceType": "launch-template",
            "Tags": [
              {
                "Key": "App",
                "Value": "app",
              },
              {
                "Key": "gu:cdk:version",
                "Value": "58.0.0",
              },
              {
                "Key": "gu:repo",
                "Value": "guardian/actions-static-site",
              },
              {
                "Key": "Name",
                "Value": "static-site-INFRA/stack-INFRA-app",
              },
              {
                "Key": "Stack",
                "Value": "stack",
              },
              {
                "Key": "Stage",
                "Value": "INFRA",
              },
            ],
          },
        ],
      },
      "Type": "AWS::EC2::LaunchTemplate",
    },
    "stackINFRAappProfileE90C9F1B": {
      "Properties": {
        "Roles": [
          {
            "Ref": "InstanceRoleApp706F3E68",
          },
        ],
      },
      "Type": "AWS::IAM::InstanceProfile",
    },
    "staticAppPolicy8865CD33": {
      "Properties": {
        "Bucket": {
          "Ref": "staticD8C87B36",
        },
        "PolicyDocument": {
          "Statement": [
            {
              "Action": "s3:PutObject",
              "Effect": "Allow",
              "Principal": {
                "AWS": "arn:aws:iam::000000000016:role/galaxies-data-refresher-lambda-role-PROD",
              },
              "Resource": {
                "Fn::Join": [
                  "",
                  [
                    {
                      "Fn::GetAtt": [
                        "staticD8C87B36",
                        "Arn",
                      ],
                    },
                    "/galaxies.gutools.co.uk/data/*",
                  ],
                ],
              },
            },
            {
              "Action": "s3:ListBucket",
              "Condition": {
                "StringLike": {
                  "s3:prefix": [
                    "galaxies.gutools.co.uk/data/*",
                  ],
                },
              },
              "Effect": "Allow",
              "Principal": {
                "AWS": "arn:aws:iam::000000000016:role/galaxies-data-refresher-lambda-role-PROD",
              },
              "Resource": {
                "Fn::GetAtt": [
                  "staticD8C87B36",
                  "Arn",
                ],
              },
            },
            {
              "Action": "s3:PutObject",
              "Effect": "Allow",
              "Principal": {
                "AWS": [
                  {
                    "Fn::Join": [
                      "",
                      [
                        "arn:",
                        {
                          "Ref": "AWS::Partition",
                        },
                        ":iam::000000000016:root",
                      ],
                    ],
                  },
                  "arn:aws:iam::000000000016:role/galaxies-data-refresher-lambda-role-CODE",
                ],
              },
              "Resource": {
                "Fn::Join": [
                  "",
                  [
                    {
                      "Fn::GetAtt": [
                        "staticD8C87B36",
                        "Arn",
                      ],
                    },
                    "/galaxies.code.dev-gutools.co.uk/data/*",
                  ],
                ],
              },
            },
            {
              "Action": "s3:ListBucket",
              "Condition": {
                "StringLike": {
                  "s3:prefix": [
                    "galaxies.code.dev-gutools.co.uk/data/*",
                  ],
                },
              },
              "Effect": "Allow",
              "Principal": {
                "AWS": [
                  {
                    "Fn::Join": [
                      "",
                      [
                        "arn:",
                        {
                          "Ref": "AWS::Partition",
                        },
                        ":iam::000000000016:root",
                      ],
                    ],
                  },
                  "arn:aws:iam::000000000016:role/galaxies-data-refresher-lambda-role-CODE",
                ],
              },
              "Resource": {
                "Fn::GetAtt": [
                  "staticD8C87B36",
                  "Arn",
                ],
              },
            },
          ],
          "Version": "2012-10-17",
        },
      },
      "Type": "AWS::S3::BucketPolicy",
    },
    "staticD8C87B36": {
      "DeletionPolicy": "Retain",
      "Properties": {
        "PublicAccessBlockConfiguration": {
          "BlockPublicAcls": true,
          "BlockPublicPolicy": true,
          "IgnorePublicAcls": true,
          "RestrictPublicBuckets": true,
        },
        "Tags": [
          {
            "Key": "App",
            "Value": "app",
          },
          {
            "Key": "gu:cdk:version",
            "Value": "58.0.0",
          },
          {
            "Key": "gu:repo",
            "Value": "guardian/actions-static-site",
          },
          {
            "Key": "Stack",
            "Value": "stack",
          },
          {
            "Key": "Stage",
            "Value": "INFRA",
          },
        ],
        "WebsiteConfiguration": {
          "IndexDocument": "index.html",
        },
      },
      "Type": "AWS::S3::Bucket",
      "UpdateReplacePolicy": "Retain",
    },
    "staticsitealbdnsname7E2D6E36": {
      "Properties": {
        "Description": "ALB DNS name for static sites.",
        "Name": "/INFRA/stack/app/loadBalancerDnsName",
        "Tags": {
          "App": "app",
          "Stack": "stack",
          "Stage": "INFRA",
          "gu:cdk:version": "58.0.0",
          "gu:repo": "guardian/actions-static-site",
        },
        "Type": "String",
        "Value": {
          "Fn::GetAtt": [
            "LoadBalancerApp94515990",
            "DNSName",
          ],
        },
      },
      "Type": "AWS::SSM::Parameter",
    },
    "staticsitebucket16DB0AA4": {
      "Properties": {
        "Description": "Bucket for static sites.",
        "Name": "/INFRA/stack/app/bucket",
        "Tags": {
          "App": "app",
          "Stack": "stack",
          "Stage": "INFRA",
          "gu:cdk:version": "58.0.0",
          "gu:repo": "guardian/actions-static-site",
        },
        "Type": "String",
        "Value": {
          "Ref": "staticD8C87B36",
        },
      },
      "Type": "AWS::SSM::Parameter",
    },
    "staticsitelisenerarnA82E77B3": {
      "Properties": {
        "Description": "Listener ARN for static sites.",
        "Name": "/INFRA/stack/app/listenerArn",
        "Tags": {
          "App": "app",
          "Stack": "stack",
          "Stage": "INFRA",
          "gu:cdk:version": "58.0.0",
          "gu:repo": "guardian/actions-static-site",
        },
        "Type": "String",
        "Value": {
          "Ref": "ListenerApp55D0EA9B",
        },
      },
      "Type": "AWS::SSM::Parameter",
    },
  },
}
`;
