// Jest Snapshot v1, https://goo.gl/fbAQLP

exports[`static site should match snapshot 1`] = `
Object {
  "Metadata": Object {
    "gu:cdk:constructs": Array [
      "GuStringParameter",
      "GuStringParameter",
      "GuCname",
      "GuCertificate",
    ],
    "gu:cdk:version": "48.5.1",
  },
  "Parameters": Object {
    "listenerArn": Object {
      "Default": "/PROD/deploy/static-site-infra/listenerArn",
      "Description": "ARN of shared ALB listener for this action.",
      "Type": "AWS::SSM::Parameter::Value<String>",
    },
    "loadBalancerDnsName": Object {
      "Default": "/PROD/deploy/static-site-infra/loadBalancerDnsName",
      "Description": "DNS name of shared ALB for this action.",
      "Type": "AWS::SSM::Parameter::Value<String>",
    },
  },
  "Resources": Object {
    "CertificateAppCEE540C3": Object {
      "DeletionPolicy": "Retain",
      "Properties": Object {
        "DomainName": "example.devx.gutools.co.uk",
        "Tags": Array [
          Object {
            "Key": "App",
            "Value": "app",
          },
          Object {
            "Key": "gu:cdk:version",
            "Value": "48.5.1",
          },
          Object {
            "Key": "gu:repo",
            "Value": "guardian/actions-static-site",
          },
          Object {
            "Key": "Name",
            "Value": "static-site/CertificateApp",
          },
          Object {
            "Key": "Stack",
            "Value": "stack",
          },
          Object {
            "Key": "Stage",
            "Value": "PROD",
          },
        ],
        "ValidationMethod": "DNS",
      },
      "Type": "AWS::CertificateManager::Certificate",
      "UpdateReplacePolicy": "Retain",
    },
    "certlistener": Object {
      "Properties": Object {
        "Certificates": Array [
          Object {
            "CertificateArn": Object {
              "Ref": "CertificateAppCEE540C3",
            },
          },
        ],
        "ListenerArn": Object {
          "Ref": "listenerArn",
        },
      },
      "Type": "AWS::ElasticLoadBalancingV2::ListenerCertificate",
    },
    "cname": Object {
      "Properties": Object {
        "Name": "example.devx.gutools.co.uk",
        "RecordType": "CNAME",
        "ResourceRecords": Array [
          Object {
            "Ref": "loadBalancerDnsName",
          },
        ],
        "Stage": "PROD",
        "TTL": 86400,
      },
      "Type": "Guardian::DNS::RecordSet",
    },
  },
}
`;
