// Jest Snapshot v1, https://goo.gl/fbAQLP

exports[`static site should match snapshot 1`] = `
{
  "Metadata": {
    "gu:cdk:constructs": [
      "GuStringParameter",
      "GuStringParameter",
      "GuCname",
      "GuCertificate",
    ],
    "gu:cdk:version": "58.0.0",
  },
  "Parameters": {
    "listenerArn": {
      "Default": "/INFRA/deploy/actions-static-site-infra/listenerArn",
      "Description": "ARN of shared ALB listener for this action.",
      "Type": "AWS::SSM::Parameter::Value<String>",
    },
    "loadBalancerDnsName": {
      "Default": "/INFRA/deploy/actions-static-site-infra/loadBalancerDnsName",
      "Description": "DNS name of shared ALB for this action.",
      "Type": "AWS::SSM::Parameter::Value<String>",
    },
  },
  "Resources": {
    "CertificateAppCEE540C3": {
      "DeletionPolicy": "Retain",
      "Properties": {
        "DomainName": "example.devx.gutools.co.uk",
        "Tags": [
          {
            "Key": "App",
            "Value": "app",
          },
          {
            "Key": "gu:cdk:version",
            "Value": "58.0.0",
          },
          {
            "Key": "gu:repo",
            "Value": "guardian/actions-static-site",
          },
          {
            "Key": "Name",
            "Value": "static-site/CertificateApp",
          },
          {
            "Key": "Stack",
            "Value": "stack",
          },
          {
            "Key": "Stage",
            "Value": "PROD",
          },
        ],
        "ValidationMethod": "DNS",
      },
      "Type": "AWS::CertificateManager::Certificate",
      "UpdateReplacePolicy": "Retain",
    },
    "certlistener": {
      "Properties": {
        "Certificates": [
          {
            "CertificateArn": {
              "Ref": "CertificateAppCEE540C3",
            },
          },
        ],
        "ListenerArn": {
          "Ref": "listenerArn",
        },
      },
      "Type": "AWS::ElasticLoadBalancingV2::ListenerCertificate",
    },
    "cname": {
      "Properties": {
        "Name": "example.devx.gutools.co.uk",
        "RecordType": "CNAME",
        "ResourceRecords": [
          {
            "Ref": "loadBalancerDnsName",
          },
        ],
        "Stage": "PROD",
        "TTL": 86400,
      },
      "Type": "Guardian::DNS::RecordSet",
    },
  },
}
`;
